******************************************************************************
                  TI ARM Linker PC v20.2.1                     
******************************************************************************
>> Linked Fri Sep  4 15:00:12 2020

OUTPUT FILE NAME:   <thread_comms_MSP_EXP432P401R_tirtos_ccs2.out>
ENTRY POINT SYMBOL: "_c_int00"  address: 00003d41


MEMORY CONFIGURATION

         name            origin    length      used     unused   attr    fill
----------------------  --------  ---------  --------  --------  ----  --------
  MAIN                  00000000   00040000  00006608  000399f8  R  X
  INFO                  00200000   00004000  00000000  00004000  R  X
  SRAM_CODE             01000000   00010000  000090a9  00006f57  RW X
  SRAM_DATA             20000000   00010000  000090a9  00006f57  RW  


SEGMENT ALLOCATION MAP

run origin  load origin   length   init length attrs members
----------  ----------- ---------- ----------- ----- -------
00000000    00000000    00006610   00006610    r-x
  00000000    00000000    0000003c   0000003c    r-- .resetVecs
  00000040    00000040    00005cea   00005cea    r-x .text
  00005d2c    00005d2c    00000662   00000662    r-- .const
  00006390    00006390    00000280   00000280    r-- .cinit
20000140    20000140    00008000   00000000    r--
  20000140    20000140    00008000   00000000    r-- .priheap
20008140    20008140    00000b70   00000000    rw-
  20008140    20008140    000006a1   00000000    rw- .data
  200087e8    200087e8    000004c8   00000000    rw- .bss
2000fc00    2000fc00    00000400   00000000    rw-
  2000fc00    2000fc00    00000400   00000000    rw- .stack


SECTION ALLOCATION MAP

 output                                  attributes/
section   page    origin      length       input sections
--------  ----  ----------  ----------   ----------------
.text      0    00000040    00005cea     
                  00000040    000002f8     drivers_msp432p401x.aem4f : PowerMSP432.oem4f (.text:Power_sleep)
                  00000338    000002d0                               : UARTMSP432.oem4f (.text:UARTMSP432_open)
                  00000608    0000028a     msp432p4xx_driverlib.lib : pcm.o (.text:__PCM_setPowerStateAdvanced)
                  00000892    00000002     dpl_msp432p401x.aem4f : PowerMSP432_tirtos.oem4f (.text:PowerMSP432_initPolicy)
                  00000894    00000288     drivers_msp432p401x.aem4f : PowerMSP432.oem4f (.text:initPerfControl)
                  00000b1c    00000004     msp432p4xx_driverlib.lib : cpu.o (.text:CPU_wfi)
                  00000b20    000001b0     sysbios.aem4f : BIOS.obj (.text:mq_open)
                  00000cd0    00000170     drivers_msp432p401x.aem4f : GPIOMSP432.oem4f (.text:GPIO_setConfig)
                  00000e40    0000015c     msp432p4xx_driverlib.lib : pcm.o (.text:__PCM_setPowerModeAdvanced)
                  00000f9c    00000004     dpl_msp432p401x.aem4f : ClockP_tirtos.oem4f (.text:ClockP_setTimeout)
                  00000fa0    00000130     sysbios.aem4f : BIOS.obj (.text:ti_sysbios_knl_Semaphore_pend__E)
                  000010d0    0000011c     msp432p4xx_driverlib.lib : uart.o (.text:UART_initModule)
                  000011ec    00000108                              : pcm.o (.text:__PCM_setCoreVoltageLevelAdvanced)
                  000012f4    00000004     dpl_msp432p401x.aem4f : ClockP_tirtos.oem4f (.text:ClockP_start)
                  000012f8    00000108     sysbios.aem4f : BIOS.obj (.text:ti_sysbios_knl_Task_postInit__I)
                  00001400    00000108                   : BIOS.obj (.text:xdc_runtime_Startup_startMods__I)
                  00001508    00000104                   : BIOS.obj (.text:ti_sysbios_knl_Task_Instance_finalize__E)
                  0000160c    00000004     dpl_msp432p401x.aem4f : ClockP_tirtos.oem4f (.text:ClockP_stop)
                  00001610    000000f8     sysbios.aem4f : BIOS.obj (.text:ti_sysbios_family_arm_msp432_init_Boot_configureClocksHigh)
                  00001708    000000f8     uartThread.obj (.text:uartThread)
                  00001800    000000f0     sysbios.aem4f : BIOS.obj (.text:pthread_create)
                  000018f0    000000f0                   : m3_Hwi_asm.obj (.text:ti_sysbios_family_arm_m3_Hwi_dispatch__I)
                  000019e0    000000e4     msp432p4xx_driverlib.lib : cs.o (.text:CS_startHFXTWithTimeout)
                  00001ac4    00000004     dpl_msp432p401x.aem4f : HwiP_tirtos.oem4f (.text:HwiP_disable)
                  00001ac8    000000e4     sysbios.aem4f : BIOS.obj (.text:ti_sysbios_knl_Task_Instance_init__E)
                  00001bac    000000e0     msp432p4xx_driverlib.lib : cs.o (.text:CS_startLFXTWithTimeout)
                  00001c8c    000000dc     drivers_msp432p401x.aem4f : UARTMSP432.oem4f (.text:UARTMSP432_readPolling)
                  00001d68    000000dc     msp432p4xx_driverlib.lib : cs.o (.text:_CSGetHFXTFrequency)
                  00001e44    00000004     dpl_msp432p401x.aem4f : SemaphoreP_tirtos.oem4f (.text:SemaphoreP_post)
                  00001e48    000000d8     sysbios.aem4f : BIOS.obj (.text:ti_sysbios_knl_Mailbox_Instance_init__E)
                  00001f20    000000d0                   : BIOS.obj (.text:ti_sysbios_heaps_HeapMem_alloc__E)
                  00001ff0    000000ca     drivers_msp432p401x.aem4f : UARTMSP432.oem4f (.text:UARTMSP432_hwiIntFxn)
                  000020ba    00000002                               : UARTMSP432.oem4f (.text:UARTMSP432_init)
                  000020bc    000000b8                               : UARTMSP432.oem4f (.text:initHw)
                  00002174    000000b8                               : UARTMSP432.oem4f (.text:readTaskCallback)
                  0000222c    00000004     release_pem4f.oem4f (.text:ti_sysbios_BIOS_RtsGateProxy_enter__E)
                  00002230    000000b8     sysbios.aem4f : BIOS.obj (.text:ti_sysbios_family_arm_m3_Hwi_Instance_init__E)
                  000022e8    000000b4     drivers_msp432p401x.aem4f : UARTMSP432.oem4f (.text:UARTMSP432_control)
                  0000239c    000000b4                               : UARTMSP432.oem4f (.text:UARTMSP432_writePolling)
                  00002450    000000ac                               : GPIOMSP432.oem4f (.text:GPIO_init)
                  000024fc    000000ac     main_tirtos.obj (.text:main)
                  000025a8    000000aa     sysbios.aem4f : BIOS.obj (.text:xdc_runtime_Core_createObject__I)
                  00002652    000000a8     drivers_msp432p401x.aem4f : UARTMSP432.oem4f (.text:UARTMSP432_write)
                  000026fa    000000a8                               : UARTMSP432.oem4f (.text:readTaskBlocking)
                  000027a2    00000004     release_pem4f.oem4f (.text:ti_sysbios_BIOS_RtsGateProxy_leave__E)
                  000027a6    00000002     rtsv7M4_T_le_v4SPD16_eabi.lib : _lock.c.obj (.text:_nop)
                  000027a8    000000a8     sysbios.aem4f : BIOS.obj (.text:ti_sysbios_family_arm_msp432_Timer_periodicStub__E)
                  00002850    000000a4                   : BIOS.obj (.text:ti_sysbios_knl_Task_setPri__E)
                  000028f4    000000a0     auto_init.aem4f : auto_init.oem4f (.text)
                  00002994    000000a0     drivers_msp432p401x.aem4f : UARTMSP432.oem4f (.text:readIsrTextCallback)
                  00002a34    0000009c                               : PowerMSP432.oem4f (.text:Power_init)
                  00002ad0    0000009c     rtsv7M4_T_le_v4SPD16_eabi.lib : memcpy_t2.asm.obj (.text)
                  00002b6c    00000004     release_pem4f.oem4f (.text:ti_sysbios_family_arm_m3_Hwi_delete)
                  00002b70    00000094     sysbios.aem4f : BIOS.obj (.text:_pthread_removeThreadKeys)
                  00002c04    00000094     onOffThread.obj (.text:onOffThread)
                  00002c98    00000094     sysbios.aem4f : BIOS.obj (.text:ti_sysbios_family_arm_m3_Hwi_initNVIC__E)
                  00002d2c    00000004     release_pem4f.oem4f (.text:ti_sysbios_family_arm_m3_TaskSupport_Module__startupDone__S)
                  00002d30    00000094     sysbios.aem4f : BIOS.obj (.text:ti_sysbios_knl_Task_exit__E)
                  00002dc4    00000092     drivers_msp432p401x.aem4f : UARTMSP432.oem4f (.text:UARTMSP432_close)
                  00002e56    00000092                               : UARTMSP432.oem4f (.text:writeData)
                  00002ee8    00000090     sysbios.aem4f : BIOS.obj (.text:ti_sysbios_knl_Task_Module_startup__E)
                  00002f78    0000008c     drivers_msp432p401x.aem4f : UARTMSP432.oem4f (.text:readIsrTextBlocking)
                  00003004    0000008c     sysbios.aem4f : m3_TaskSupport_asm.obj (.text:ti_sysbios_family_arm_m3_TaskSupport_buildTaskStack)
                  00003090    0000008c                   : BIOS.obj (.text:xdc_runtime_Memory_alloc__E)
                  0000311c    00000004     release_pem4f.oem4f (.text:ti_sysbios_heaps_HeapMem_Module_GateProxy_enter__E)
                  00003120    00000088     sysbios.aem4f : BIOS.obj (.text:ti_sysbios_knl_Mailbox_post__E)
                  000031a8    00000086                   : BIOS.obj (.text:xdc_runtime_Core_constructObject__I)
                  0000322e    00000002     release_pem4f.oem4f (.text:ti_sysbios_BIOS_nullFunc__I)
                  00003230    00000084     msp432p4xx_driverlib.lib : pcm.o (.text:PCM_gotoLPM3)
                  000032b4    00000084     drivers_msp432p401x.aem4f : PowerMSP432.oem4f (.text:restartHFXT)
                  00003338    00000084     sysbios.aem4f : BIOS.obj (.text:ti_sysbios_family_arm_m3_Hwi_postInit__I)
                  000033bc    00000004     release_pem4f.oem4f (.text:ti_sysbios_heaps_HeapMem_Module_GateProxy_leave__E)
                  000033c0    00000084     sysbios.aem4f : BIOS.obj (.text:ti_sysbios_heaps_HeapMem_free__E)
                  00003444    00000004     release_pem4f.oem4f (.text:ti_sysbios_knl_Clock_TimerProxy_getMaxTicks__E)
                  00003448    00000080     sysbios.aem4f : BIOS.obj (.text:ti_sysbios_knl_Clock_workFunc__E)
                  000034c8    0000007a     rtsv7M4_T_le_v4SPD16_eabi.lib : memset_t2.asm.obj (.text)
                  00003542    00000004     release_pem4f.oem4f (.text:ti_sysbios_knl_Clock_delete)
                  00003546    00000002     --HOLE-- [fill = 0]
                  00003548    00000074     sysbios.aem4f : BIOS.obj (.text:ti_sysbios_knl_Mailbox_pend__E)
                  000035bc    00000070     drivers_msp432p401x.aem4f : UARTMSP432.oem4f (.text:UARTMSP432_writeCancel)
                  0000362c    00000004     release_pem4f.oem4f (.text:ti_sysbios_knl_Semaphore_delete)
                  00003630    00000070     sysbios.aem4f : BIOS.obj (.text:ti_sysbios_heaps_HeapMem_initPrimary__I)
                  000036a0    00000070                   : BIOS.obj (.text:ti_sysbios_knl_Mailbox_Instance_finalize__E)
                  00003710    0000006c                   : BIOS.obj (.text:ti_sysbios_knl_Swi_restoreHwi__E)
                  0000377c    00000068     drivers_msp432p401x.aem4f : GPIOMSP432.oem4f (.text:GPIO_hwiIntFxn)
                  000037e4    00000068                               : PowerMSP432.oem4f (.text:PowerMSP432_getFreqs)
                  0000384c    00000068     rtsv7M4_T_le_v4SPD16_eabi.lib : copy_decompress_lzss.c.obj (.text:decompress:lzss:__TI_decompress_lzss)
                  000038b4    00000004     release_pem4f.oem4f (.text:ti_sysbios_knl_Task_delete)
                  000038b8    00000066     sysbios.aem4f : BIOS.obj (.text:xdc_runtime_Core_deleteObject__I)
                  0000391e    00000002     --HOLE-- [fill = 0]
                  00003920    00000064                   : BIOS.obj (.text:pthread_exit)
                  00003984    00000004     release_pem4f.oem4f (.text:xdc_runtime_System_Module_GateProxy_enter__E)
                  00003988    00000064     sysbios.aem4f : BIOS.obj (.text:ti_sysbios_family_arm_m3_Hwi_dispatchC__I)
                  000039ec    00000060     drivers_msp432p401x.aem4f : GPIOMSP432.oem4f (.text:GPIO_setCallback)
                  00003a4c    00000004     release_pem4f.oem4f (.text:xdc_runtime_System_Module_GateProxy_leave__E)
                  00003a50    00000060     sysbios.aem4f : BIOS.obj (.text:ti_sysbios_knl_Semaphore_post__E)
                  00003ab0    00000060                   : BIOS.obj (.text:ti_sysbios_knl_Swi_run__I)
                  00003b10    0000005e     msp432p4xx_driverlib.lib : pcm.o (.text:PCM_getCoreVoltageLevel)
                  00003b6e    00000002     --HOLE-- [fill = 0]
                  00003b70    0000005c     sysbios.aem4f : BIOS.obj (.text:ti_sysbios_knl_Swi_schedule__I)
                  00003bcc    00000004     --HOLE-- [fill = 0]
                  00003bd0    0000005c                   : BIOS.obj (.text:ti_sysbios_knl_Task_startCore__E)
                  00003c2c    00000004     --HOLE-- [fill = 0]
                  00003c30    0000005c                   : BIOS.obj (.text:xdc_runtime_Startup_exec__E)
                  00003c8c    0000005a     msp432p4xx_driverlib.lib : pcm.o (.text:PCM_getPowerMode)
                  00003ce6    00000002     --HOLE-- [fill = 0]
                  00003ce8    00000058     drivers_msp432p401x.aem4f : GPIOMSP432.oem4f (.text:GPIO_write)
                  00003d40    00000058     boot.aem4f : boot.oem4f (.text)
                  00003d98    00000058     drivers_msp432p401x.aem4f : UARTMSP432.oem4f (.text:readIsrBinaryBlocking)
                  00003df0    00000058     sysbios.aem4f : m3_Hwi_asm_switch.obj (.text:ti_sysbios_family_arm_m3_Hwi_initStacks__E)
                  00003e48    00000054     msp432p4xx_driverlib.lib : pcm.o (.text:PCM_shutdownDevice)
                  00003e9c    00000054     release_pem4f.oem4f (.text:ti_sysbios_family_arm_m3_Hwi_create)
                  00003ef0    00000054     sysbios.aem4f : BIOS.obj (.text:ti_sysbios_family_arm_msp432_Timer_initDevice__I)
                  00003f44    00000054     release_pem4f.oem4f (.text:ti_sysbios_knl_Mailbox_create)
                  00003f98    00000050     dpl_msp432p401x.aem4f : ClockP_tirtos.oem4f (.text:ClockP_create)
                  00003fe8    00000050     sysbios.aem4f : BIOS.obj (.text:mq_send)
                  00004038    00000050                   : BIOS.obj (.text:ti_sysbios_family_arm_m3_Hwi_Module_startup__E)
                  00004088    00000050     release_pem4f.oem4f (.text:ti_sysbios_knl_Task_create)
                  000040d8    0000004c     dpl_msp432p401x.aem4f : PowerMSP432_tirtos.oem4f (.text:PowerMSP432_sleepPolicy)
                  00004124    0000004c     rtsv7M4_T_le_v4SPD16_eabi.lib : cpy_tbl.c.obj (.text:copy_in)
                  00004170    0000004c     drivers_msp432p401x.aem4f : UARTMSP432.oem4f (.text:readIsrBinaryCallback)
                  000041bc    00000004     --HOLE-- [fill = 0]
                  000041c0    0000004c     sysbios.aem4f : BIOS.obj (.text:ti_sysbios_family_arm_msp432_Timer_postInit__I)
                  0000420c    00000004     --HOLE-- [fill = 0]
                  00004210    0000004c                   : BIOS.obj (.text:ti_sysbios_family_arm_msp432_Timer_start__E)
                  0000425c    00000004     --HOLE-- [fill = 0]
                  00004260    0000004c                   : BIOS.obj (.text:ti_sysbios_heaps_HeapMem_getStats__E)
                  000042ac    00000004     --HOLE-- [fill = 0]
                  000042b0    0000004c                   : BIOS.obj (.text:ti_sysbios_knl_Swi_runLoop__I)
                  000042fc    00000004     --HOLE-- [fill = 0]
                  00004300    0000004c                   : BIOS.obj (.text:ti_sysbios_knl_Task_allBlockedFunction__I)
                  0000434c    00000004     --HOLE-- [fill = 0]
                  00004350    0000004c                   : BIOS.obj (.text:ti_sysbios_knl_Task_schedule__I)
                  0000439c    00000048     drivers_msp432p401x.aem4f : PowerMSP432.oem4f (.text:Power_releaseConstraint)
                  000043e4    00000004     --HOLE-- [fill = 0]
                  000043e8    00000048     sysbios.aem4f : BIOS.obj (.text:ti_sysbios_family_arm_m3_Hwi_disableInterrupt__E)
                  00004430    00000048                   : BIOS.obj (.text:ti_sysbios_family_arm_m3_Hwi_enableInterrupt__E)
                  00004478    00000048                   : BIOS.obj (.text:ti_sysbios_knl_Mailbox_Module_startup__E)
                  000044c0    00000048                   : BIOS.obj (.text:xdc_runtime_Core_assignParams__I)
                  00004508    00000046     drivers_msp432p401x.aem4f : RingBuf.oem4f (.text:RingBuf_put)
                  0000454e    00000002     --HOLE-- [fill = 0]
                  00004550    00000044                               : UART.oem4f (.text:UART_init)
                  00004594    00000004     --HOLE-- [fill = 0]
                  00004598    00000044     sysbios.aem4f : BIOS.obj (.text:ti_sysbios_family_arm_m3_Hwi_getStackInfo__E)
                  000045dc    00000004     --HOLE-- [fill = 0]
                  000045e0    00000044                   : BIOS.obj (.text:ti_sysbios_knl_Swi_post__E)
                  00004624    00000040     dpl_msp432p401x.aem4f : HwiP_tirtos.oem4f (.text:HwiP_create)
                  00004664    00000040     drivers_msp432p401x.aem4f : RingBuf.oem4f (.text:RingBuf_get)
                  000046a4    00000040                               : UARTMSP432.oem4f (.text:UARTMSP432_read)
                  000046e4    00000040                               : UART.oem4f (.text:UART_open)
                  00004724    00000004     --HOLE-- [fill = 0]
                  00004728    00000040     sysbios.aem4f : BIOS.obj (.text:mq_receive)
                  00004768    00000040     drivers_msp432p401x.aem4f : UARTMSP432.oem4f (.text:perfChangeNotifyFxn)
                  000047a8    00000040     sysbios.aem4f : BIOS.obj (.text:ti_sysbios_family_arm_msp432_Timer_Module_startup__E)
                  000047e8    00000040                   : BIOS.obj (.text:ti_sysbios_family_arm_msp432_Timer_startup__E)
                  00004828    00000040                   : BIOS.obj (.text:ti_sysbios_heaps_HeapMem_Instance_init__E)
                  00004868    00000040                   : BIOS.obj (.text:ti_sysbios_knl_Clock_Instance_init__E)
                  000048a8    0000003c     dpl_msp432p401x.aem4f : SemaphoreP_tirtos.oem4f (.text:SemaphoreP_create)
                  000048e4    00000004     --HOLE-- [fill = 0]
                  000048e8    0000003c     sysbios.aem4f : BIOS.obj (.text:ti_sysbios_family_arm_m3_Hwi_Instance_finalize__E)
                  00004924    00000004     --HOLE-- [fill = 0]
                  00004928    0000003c                   : BIOS.obj (.text:ti_sysbios_family_arm_msp432_Seconds_Module_startup__E)
                  00004964    0000003c     release_pem4f.oem4f (.text:ti_sysbios_knl_Clock_create)
                  000049a0    0000003c     sysbios.aem4f : BIOS.obj (.text:ti_sysbios_knl_Swi_restore__E)
                  000049dc    00000038     drivers_msp432p401x.aem4f : PowerMSP432.oem4f (.text:Power_setConstraint)
                  00004a14    00000038                               : PowerMSP432.oem4f (.text:notify)
                  00004a4c    00000004     --HOLE-- [fill = 0]
                  00004a50    00000038     sysbios.aem4f : BIOS.obj (.text:xdc_runtime_System_atexit__E)
                  00004a88    00000036     drivers_msp432p401x.aem4f : UARTMSP432.oem4f (.text:UARTMSP432_readCancel)
                  00004abe    00000002     --HOLE-- [fill = 0]
                  00004ac0    00000034     release_pem4f.oem4f (.text:ti_sysbios_knl_Semaphore_create)
                  00004af4    00000004     --HOLE-- [fill = 0]
                  00004af8    00000032     sysbios.aem4f : BIOS.obj (.text:ti_sysbios_hal_Hwi_initStack)
                  00004b2a    00000006     --HOLE-- [fill = 0]
                  00004b30    00000030                   : BIOS.obj (.text:findInList$42)
                  00004b60    00000030     drivers_msp432p401x.aem4f : UARTMSP432.oem4f (.text:mapPin)
                  00004b90    00000030     release_pem4f.oem4f (.text:ti_sysbios_BIOS_atExitFunc__I)
                  00004bc0    00000030     release_pem4f.oem4f (.text:ti_sysbios_BIOS_startFunc__I)
                  00004bf0    00000030     sysbios.aem4f : BIOS.obj (.text:ti_sysbios_family_arm_m3_TaskSupport_start__E)
                  00004c20    00000030     release_pem4f.oem4f (.text:ti_sysbios_gates_GateHwi_Object__create__S)
                  00004c50    00000030     release_pem4f.oem4f (.text:ti_sysbios_gates_GateMutex_Object__create__S)
                  00004c80    00000030     sysbios.aem4f : BIOS.obj (.text:ti_sysbios_gates_GateMutex_enter__E)
                  00004cb0    00000030     release_pem4f.oem4f (.text:ti_sysbios_heaps_HeapMem_Object__create__S)
                  00004ce0    00000030     sysbios.aem4f : BIOS.obj (.text:ti_sysbios_knl_Mailbox_postInit__I)
                  00004d10    00000030     release_pem4f.oem4f (.text:ti_sysbios_knl_Semaphore_construct)
                  00004d40    00000030     sysbios.aem4f : BIOS.obj (.text:ti_sysbios_knl_Semaphore_pendTimeout__I)
                  00004d70    00000030                   : BIOS.obj (.text:ti_sysbios_knl_Task_processVitalTaskFlag__I)
                  00004da0    00000030                   : BIOS.obj (.text:ti_sysbios_knl_Task_restore__E)
                  00004dd0    00000030                   : BIOS.obj (.text:ti_sysbios_knl_Task_unblockI__E)
                  00004e00    00000030                   : BIOS.obj (.text:xdc_runtime_System_processAtExit__E)
                  00004e30    0000002e                   : BIOS.obj (.text:pthread_setcancelstate)
                  00004e5e    0000002c     dpl_msp432p401x.aem4f : PowerMSP432_tirtos.oem4f (.text:PowerMSP432_updateFreqs)
                  00004e8a    00000002     --HOLE-- [fill = 0]
                  00004e8c    0000002c     msp432p4xx_driverlib.lib : rtc_c.o (.text:RTC_C_holdClock)
                  00004eb8    0000002c     dpl_msp432p401x.aem4f : SemaphoreP_tirtos.oem4f (.text:SemaphoreP_createBinary)
                  00004ee4    00000004     --HOLE-- [fill = 0]
                  00004ee8    0000002c     sysbios.aem4f : BIOS.obj (.text:_pthread_cleanupFxn)
                  00004f14    00000004     --HOLE-- [fill = 0]
                  00004f18    0000002c                   : BIOS.obj (.text:_pthread_delete$43)
                  00004f44    0000002c     release_pem4f.oem4f (.text:ti_sysbios_gates_GateHwi_Handle__label__S)
                  00004f70    0000002c     release_pem4f.oem4f (.text:ti_sysbios_gates_GateMutex_Handle__label__S)
                  00004f9c    0000002c     release_pem4f.oem4f (.text:ti_sysbios_heaps_HeapMem_Handle__label__S)
                  00004fc8    0000002c     release_pem4f.oem4f (.text:ti_sysbios_knl_Clock_doTick__I)
                  00004ff4    0000002c     release_pem4f.oem4f (.text:ti_sysbios_knl_Queue_construct)
                  00005020    00000028     msp432p4xx_driverlib.lib : pcm.o (.text:PCM_gotoLPM0)
                  00005048    00000028     drivers_msp432p401x.aem4f : PowerMSP432.oem4f (.text:Power_registerNotify)
                  00005070    00000028                               : PowerMSP432.oem4f (.text:disableFaultCounter)
                  00005098    00000028                               : PowerMSP432.oem4f (.text:disableHFXT)
                  000050c0    00000028                               : UARTMSP432.oem4f (.text:findBaudDividerIndex)
                  000050e8    00000028     sysbios.aem4f : m3_Hwi_asm.obj (.text:ti_sysbios_family_arm_m3_Hwi_excHandlerAsm__I)
                  00005110    00000028                   : BIOS.obj (.text:ti_sysbios_knl_Clock_addI__E)
                  00005138    00000028                   : BIOS.obj (.text:ti_sysbios_knl_Swi_Module_startup__E)
                  00005160    00000026     drivers_msp432p401x.aem4f : List.oem4f (.text:List_put)
                  00005186    00000026                               : List.oem4f (.text:List_remove)
                  000051ac    00000026     sysbios.aem4f : m3_Hwi_asm.obj (.text:ti_sysbios_family_arm_m3_Hwi_pendSV__I)
                  000051d2    00000002     --HOLE-- [fill = 0]
                  000051d4    00000024     msp432p4xx_driverlib.lib : wdt_a.o (.text:WDT_A_holdTimer)
                  000051f8    00000024     sysbios.aem4f : BIOS.obj (.text:pthread_attr_init)
                  0000521c    00000024     release_pem4f.oem4f (.text:ti_sysbios_BIOS_registerRTSLock__I)
                  00005240    00000024     release_pem4f.oem4f (.text:ti_sysbios_BIOS_removeRTSLock__I)
                  00005264    00000004     --HOLE-- [fill = 0]
                  00005268    00000024     sysbios.aem4f : BIOS.obj (.text:ti_sysbios_family_arm_msp432_ClockFreqs_setFrequency__E)
                  0000528c    00000024     release_pem4f.oem4f (.text:ti_sysbios_gates_GateMutex_Object__delete__S)
                  000052b0    00000024     sysbios.aem4f : BIOS.obj (.text:ti_sysbios_knl_Clock_Module_startup__E)
                  000052d4    00000024     release_pem4f.oem4f (.text:ti_sysbios_knl_Clock_Object__delete__S)
                  000052f8    00000024     sysbios.aem4f : BIOS.obj (.text:ti_sysbios_knl_Clock_start__E)
                  0000531c    00000004     --HOLE-- [fill = 0]
                  00005320    00000024                   : BIOS.obj (.text:ti_sysbios_knl_Semaphore_Instance_init__E)
                  00005344    00000024     release_pem4f.oem4f (.text:ti_sysbios_knl_Semaphore_Object__delete__S)
                  00005368    00000024     sysbios.aem4f : BIOS.obj (.text:ti_sysbios_knl_Task_restoreHwi__E)
                  0000538c    00000004     --HOLE-- [fill = 0]
                  00005390    00000024                   : BIOS.obj (.text:xdc_runtime_Error_policyMin__E)
                  000053b4    00000020     msp432p4xx_driverlib.lib : cs.o (.text:CS_setExternalClockSourceFrequency)
                  000053d4    00000020     drivers_msp432p401x.aem4f : PowerMSP432.oem4f (.text:Power_unregisterNotify)
                  000053f4    00000020                               : RingBuf.oem4f (.text:RingBuf_peek)
                  00005414    00000020     release_pem4f.oem4f (.text:ti_sysbios_BIOS_rtsLock__I)
                  00005434    00000020     release_pem4f.oem4f (.text:ti_sysbios_family_arm_m3_Hwi_Object__delete__S)
                  00005454    00000020     release_pem4f.oem4f (.text:ti_sysbios_gates_GateHwi_Object__delete__S)
                  00005474    00000020     release_pem4f.oem4f (.text:ti_sysbios_heaps_HeapMem_Object__delete__S)
                  00005494    00000004     --HOLE-- [fill = 0]
                  00005498    00000020     sysbios.aem4f : BIOS.obj (.text:ti_sysbios_knl_Idle_run__E)
                  000054b8    00000020     release_pem4f.oem4f (.text:ti_sysbios_knl_Semaphore_destruct)
                  000054d8    00000020     release_pem4f.oem4f (.text:ti_sysbios_knl_Task_Object__delete__S)
                  000054f8    0000001e     sysbios.aem4f : m3_Hwi_asm_switch.obj (.text:ti_sysbios_family_xxx_Hwi_switchAndRunFunc)
                  00005516    00000002     --HOLE-- [fill = 0]
                  00005518    0000001c                   : BIOS.obj (.text:ti_sysbios_family_arm_m3_Hwi_excHandler__I)
                  00005534    00000004     --HOLE-- [fill = 0]
                  00005538    0000001c                   : BIOS.obj (.text:ti_sysbios_gates_GateMutex_Instance_init__E)
                  00005554    00000004     --HOLE-- [fill = 0]
                  00005558    0000001c                   : BIOS.obj (.text:ti_sysbios_knl_Clock_Instance_finalize__E)
                  00005574    0000001c     release_pem4f.oem4f (.text:ti_sysbios_knl_Queue_destruct)
                  00005590    0000001c     sysbios.aem4f : BIOS.obj (.text:ti_sysbios_knl_Queue_get__E)
                  000055ac    00000004     --HOLE-- [fill = 0]
                  000055b0    0000001c                   : BIOS.obj (.text:ti_sysbios_knl_Queue_put__E)
                  000055cc    00000004     --HOLE-- [fill = 0]
                  000055d0    0000001c                   : BIOS.obj (.text:ti_sysbios_knl_Task_enter__I)
                  000055ec    00000004     --HOLE-- [fill = 0]
                  000055f0    0000001c                   : BIOS.obj (.text:ti_sysbios_rts_ti_ReentSupport_getReent__F)
                  0000560c    00000004     --HOLE-- [fill = 0]
                  00005610    0000001c                   : BIOS.obj (.text:xdc_runtime_Memory_valloc__E)
                  0000562c    00000004     --HOLE-- [fill = 0]
                  00005630    0000001c                   : BIOS.obj (.text:xdc_runtime_System_abort__E)
                  0000564c    00000018     release_pem4f.oem4f (.text:.bootCodeSection:ti_sysbios_family_arm_msp432_init_Boot_init__I)
                  00005664    00000018     msp432p4xx_driverlib.lib : sysctl_a.o (.text:SysCtl_A_disableNMISource)
                  0000567c    00000018                              : sysctl_a.o (.text:SysCtl_A_enableNMISource)
                  00005694    00000018     drivers_msp432p401x.aem4f : UART.oem4f (.text:UART_Params_init)
                  000056ac    00000018     rtsv7M4_T_le_v4SPD16_eabi.lib : args_main.c.obj (.text:_args_main)
                  000056c4    00000018                                   : strcmp.c.obj (.text:strcmp)
                  000056dc    00000018     release_pem4f.oem4f (.text:ti_sysbios_BIOS_rtsUnlock__I)
                  000056f4    00000018     release_pem4f.oem4f (.text:ti_sysbios_family_arm_m3_Hwi_Module__startupDone__F)
                  0000570c    00000018     sysbios.aem4f : m3_TaskSupport_asm.obj (.text:ti_sysbios_family_arm_m3_TaskSupport_swap__E)
                  00005724    00000018     release_pem4f.oem4f (.text:ti_sysbios_family_arm_msp432_Timer_Module__startupDone__F)
                  0000573c    00000004     --HOLE-- [fill = 0]
                  00005740    00000018     sysbios.aem4f : BIOS.obj (.text:ti_sysbios_gates_GateMutex_leave__E)
                  00005758    00000018     release_pem4f.oem4f (.text:ti_sysbios_rts_ti_ReentSupport_getTlsAddr__I)
                  00005770    00000018     sysbios.aem4f : BIOS.obj (.text:xdc_runtime_Error_init__E)
                  00005788    00000018                   : BIOS.obj (.text:xdc_runtime_System_exit__E)
                  000057a0    00000016     release_pem4f.oem4f (.text:ti_sysbios_BIOS_exitFunc__I)
                  000057b6    00000002     --HOLE-- [fill = 0]
                  000057b8    00000016     sysbios.aem4f : BIOS.obj (.text:ti_sysbios_knl_Task_unblock__E)
                  000057ce    00000002     --HOLE-- [fill = 0]
                  000057d0    00000014     msp432p4xx_driverlib.lib : pcm.o (.text:PCM_getPowerState)
                  000057e4    00000014     drivers_msp432p401x.aem4f : PowerMSP432.oem4f (.text:Power_idleFunc)
                  000057f8    00000014                               : UARTMSP432.oem4f (.text:clearTXCPTIFG)
                  0000580c    00000004     --HOLE-- [fill = 0]
                  00005810    00000014     sysbios.aem4f : BIOS.obj (.text:pthread_attr_setschedparam)
                  00005824    00000014     rtsv7M4_T_le_v4SPD16_eabi.lib : strcpy.c.obj (.text:strcpy)
                  00005838    00000014                                   : strlen.c.obj (.text:strlen)
                  0000584c    00000014     release_pem4f.oem4f (.text:ti_sysbios_family_arm_m3_Hwi_Object__get__S)
                  00005860    00000014     sysbios.aem4f : BIOS.obj (.text:ti_sysbios_family_arm_m3_Hwi_switchFromBootStack__E)
                  00005874    00000014     release_pem4f.oem4f (.text:ti_sysbios_heaps_HeapMem_Object__get__S)
                  00005888    00000014     release_pem4f.oem4f (.text:ti_sysbios_knl_Swi_Object__get__S)
                  0000589c    00000012     drivers_msp432p401x.aem4f : RingBuf.oem4f (.text:RingBuf_construct)
                  000058ae    00000012     dpl_msp432p401x.aem4f : SemaphoreP_tirtos.oem4f (.text:SemaphoreP_pend)
                  000058c0    00000012     sysbios.aem4f : BIOS.obj (.text:_pthread_cleanup_pop)
                  000058d2    00000006     --HOLE-- [fill = 0]
                  000058d8    00000012                   : BIOS.obj (.text:_pthread_runStub$43)
                  000058ea    00000006     --HOLE-- [fill = 0]
                  000058f0    00000012                   : BIOS.obj (.text:ti_sysbios_hal_Hwi_Module_startup__E)
                  00005902    00000012     release_pem4f.oem4f (.text:xdc_runtime_Startup_exec__I)
                  00005914    00000010     dpl_msp432p401x.aem4f : HwiP_tirtos.oem4f (.text:HwiP_Params_init)
                  00005924    00000010     msp432p4xx_driverlib.lib : pcm.o (.text:PCM_gotoLPM4)
                  00005934    00000010                              : pcm.o (.text:PCM_setPowerMode)
                  00005944    00000010                              : pcm.o (.text:PCM_setPowerState)
                  00005954    00000010     drivers_msp432p401x.aem4f : PowerMSP432.oem4f (.text:PowerMSP432_getNumPerfLevels)
                  00005964    00000010     msp432p4xx_driverlib.lib : sysctl_a.o (.text:SysCtl_A_getNMISourceStatus)
                  00005974    00000010                              : sysctl.o (.text:SysCtl_getNMISourceStatus)
                  00005984    00000010     drivers_msp432p401x.aem4f : UARTMSP432.oem4f (.text:readBlockingTimeout)
                  00005994    00000004     --HOLE-- [fill = 0]
                  00005998    00000010     sysbios.aem4f : BIOS.obj (.text:ti_sysbios_BIOS_exit__E)
                  000059a8    00000010                   : BIOS.obj (.text:ti_sysbios_BIOS_setCpuFreq__E)
                  000059b8    00000010                   : BIOS.obj (.text:ti_sysbios_BIOS_setThreadType__E)
                  000059c8    00000010                   : BIOS.obj (.text:ti_sysbios_BIOS_start__E)
                  000059d8    00000010                   : m3_TaskSupport_asm.obj (.text:ti_sysbios_family_arm_m3_TaskSupport_glue)
                  000059e8    00000010                   : BIOS.obj (.text:ti_sysbios_family_arm_msp432_init_Boot_disableWatchdog)
                  000059f8    00000010                   : BIOS.obj (.text:ti_sysbios_gates_GateMutex_Instance_finalize__E)
                  00005a08    00000010     release_pem4f.oem4f (.text:ti_sysbios_knl_Mailbox_Object__get__S)
                  00005a18    00000010     sysbios.aem4f : BIOS.obj (.text:ti_sysbios_knl_Semaphore_Instance_finalize__E)
                  00005a28    00000010                   : BIOS.obj (.text:ti_sysbios_knl_Swi_disable__E)
                  00005a38    00000010     release_pem4f.oem4f (.text:ti_sysbios_knl_Task_Object__get__S)
                  00005a48    00000010     sysbios.aem4f : BIOS.obj (.text:ti_sysbios_knl_Task_disable__E)
                  00005a58    00000010                   : BIOS.obj (.text:xdc_runtime_Gate_leaveSystem__E)
                  00005a68    00000010                   : BIOS.obj (.text:xdc_runtime_Memory_free__E)
                  00005a78    00000010                   : BIOS.obj (.text:xdc_runtime_SysCallback_abort__E)
                  00005a88    00000010                   : BIOS.obj (.text:xdc_runtime_SysCallback_exit__E)
                  00005a98    0000000e     rtsv7M4_T_le_v4SPD16_eabi.lib : copy_decompress_none.c.obj (.text:decompress:none:__TI_decompress_none)
                  00005aa6    00000002     --HOLE-- [fill = 0]
                  00005aa8    0000000e     sysbios.aem4f : BIOS.obj (.text:pthread_attr_setdetachstate)
                  00005ab6    00000002     --HOLE-- [fill = 0]
                  00005ab8    0000000e                   : BIOS.obj (.text:ti_sysbios_knl_Idle_loop__E)
                  00005ac6    00000002     --HOLE-- [fill = 0]
                  00005ac8    0000000e                   : BIOS.obj (.text:ti_sysbios_knl_Queue_empty__E)
                  00005ad6    0000000c     msp432p4xx_driverlib.lib : cpu.o (.text:CPU_cpsid)
                  00005ae2    0000000c                              : cpu.o (.text:CPU_cpsie)
                  00005aee    0000000c     dpl_msp432p401x.aem4f : ClockP_tirtos.oem4f (.text:ClockP_delete)
                  00005afa    0000000c                           : HwiP_tirtos.oem4f (.text:HwiP_delete)
                  00005b06    00000002     --HOLE-- [fill = 0]
                  00005b08    0000000c     drivers_msp432p401x.aem4f : PowerMSP432.oem4f (.text:Power_getConstraintMask)
                  00005b14    0000000c                               : PowerMSP432.oem4f (.text:Power_getPerformanceLevel)
                  00005b20    0000000c     dpl_msp432p401x.aem4f : SemaphoreP_tirtos.oem4f (.text:SemaphoreP_delete)
                  00005b2c    0000000c     rtsv7M4_T_le_v4SPD16_eabi.lib : _lock.c.obj (.text:_register_lock)
                  00005b38    0000000c                                   : _lock.c.obj (.text:_register_unlock)
                  00005b44    0000000c                                   : copy_zero_init.c.obj (.text:decompress:ZI:__TI_zero_init)
                  00005b50    0000000c     sysbios.aem4f : BIOS.obj (.text:pthread_self)
                  00005b5c    0000000c     release_pem4f.oem4f (.text:ti_sysbios_family_arm_m3_Hwi_Params__init__S)
                  00005b68    0000000c     sysbios.aem4f : BIOS.obj (.text:ti_sysbios_family_arm_m3_Hwi_disableFxn__E)
                  00005b74    00000004     --HOLE-- [fill = 0]
                  00005b78    0000000c                   : BIOS.obj (.text:ti_sysbios_family_arm_m3_TaskSupport_getStackAlignment__E)
                  00005b84    00000004     --HOLE-- [fill = 0]
                  00005b88    0000000c                   : BIOS.obj (.text:ti_sysbios_family_arm_msp432_Timer_getMaxTicks__E)
                  00005b94    00000004     --HOLE-- [fill = 0]
                  00005b98    0000000c                   : BIOS.obj (.text:ti_sysbios_gates_GateHwi_enter__E)
                  00005ba4    0000000c     release_pem4f.oem4f (.text:ti_sysbios_knl_Clock_Params__init__S)
                  00005bb0    0000000c     release_pem4f.oem4f (.text:ti_sysbios_knl_Queue_Object__get__S)
                  00005bbc    0000000c     release_pem4f.oem4f (.text:ti_sysbios_knl_Semaphore_Params__init__S)
                  00005bc8    0000000c     release_pem4f.oem4f (.text:ti_sysbios_knl_Task_Params__init__S)
                  00005bd4    00000004     --HOLE-- [fill = 0]
                  00005bd8    0000000c     sysbios.aem4f : BIOS.obj (.text:ti_sysbios_knl_Task_self__E)
                  00005be4    00000004     --HOLE-- [fill = 0]
                  00005be8    0000000c                   : BIOS.obj (.text:ti_sysbios_rts_ti_ReentSupport_taskRegHook__I)
                  00005bf4    00000004     --HOLE-- [fill = 0]
                  00005bf8    0000000c                   : BIOS.obj (.text:xdc_runtime_Gate_enterSystem__E)
                  00005c04    00000004     --HOLE-- [fill = 0]
                  00005c08    0000000c                   : BIOS.obj (.text:xdc_runtime_Startup_rtsDone__E)
                  00005c14    0000000a     dpl_msp432p401x.aem4f : ClockP_tirtos.oem4f (.text:ClockP_Params_init)
                  00005c1e    0000000a     drivers_msp432p401x.aem4f : UART.oem4f (.text:UART_read)
                  00005c28    0000000a                               : UART.oem4f (.text:UART_write)
                  00005c32    0000000a     release_pem4f.oem4f (.text:xdc_runtime_IHeap_alloc)
                  00005c3c    0000000a     release_pem4f.oem4f (.text:xdc_runtime_IHeap_free)
                  00005c46    00000008     MSP_EXP432P401R.obj (.text:Board_init)
                  00005c4e    00000008     MSP_EXP432P401R.obj (.text:MSP_EXP432P401R_initGeneral)
                  00005c56    00000008     dpl_msp432p401x.aem4f : SemaphoreP_tirtos.oem4f (.text:SemaphoreP_Params_init)
                  00005c5e    00000002     --HOLE-- [fill = 0]
                  00005c60    00000008     sysbios.aem4f : BIOS.obj (.text:pthread_attr_setstacksize)
                  00005c68    00000008     drivers_msp432p401x.aem4f : UARTMSP432.oem4f (.text:readSemCallback)
                  00005c70    00000008     sysbios.aem4f : BIOS.obj (.text:ti_sysbios_family_arm_m3_Hwi_doSwiRestore__I)
                  00005c78    00000008                   : BIOS.obj (.text:ti_sysbios_family_arm_m3_Hwi_startup__E)
                  00005c80    00000008     drivers_msp432p401x.aem4f : UARTMSP432.oem4f (.text:txcptEnabledStatus)
                  00005c88    00000008                               : UARTMSP432.oem4f (.text:writeSemCallback)
                  00005c90    00000006     sysbios.aem4f : BIOS.obj (.text:ti_sysbios_family_arm_m3_Hwi_doTaskRestore__I)
                  00005c96    00000002     --HOLE-- [fill = 0]
                  00005c98    00000006                   : BIOS.obj (.text:ti_sysbios_family_arm_m3_Hwi_restoreFxn__E)
                  00005c9e    00000002     --HOLE-- [fill = 0]
                  00005ca0    00000006                   : BIOS.obj (.text:ti_sysbios_gates_GateHwi_leave__E)
                  00005ca6    00000002     --HOLE-- [fill = 0]
                  00005ca8    00000006                   : BIOS.obj (.text:ti_sysbios_heaps_HeapMem_isBlocking__E)
                  00005cae    00000002     --HOLE-- [fill = 0]
                  00005cb0    00000006                   : BIOS.obj (.text:ti_sysbios_knl_Clock_stop__E)
                  00005cb6    00000002     --HOLE-- [fill = 0]
                  00005cb8    00000006                   : BIOS.obj (.text:ti_sysbios_knl_Queue_Instance_init__E)
                  00005cbe    00000002     --HOLE-- [fill = 0]
                  00005cc0    00000006                   : BIOS.obj (.text:ti_sysbios_knl_Swi_startup__E)
                  00005cc6    00000002     --HOLE-- [fill = 0]
                  00005cc8    00000006                   : BIOS.obj (.text:xdc_runtime_System_Module_startup__E)
                  00005cce    00000002     --HOLE-- [fill = 0]
                  00005cd0    00000004                   : BIOS.obj (.text:__aeabi_errno_addr)
                  00005cd4    00000004     --HOLE-- [fill = 0]
                  00005cd8    00000004                   : BIOS.obj (.text:ti_sysbios_gates_GateHwi_query__E)
                  00005cdc    00000004     --HOLE-- [fill = 0]
                  00005ce0    00000004                   : BIOS.obj (.text:ti_sysbios_gates_GateMutex_query__E)
                  00005ce4    00000004     --HOLE-- [fill = 0]
                  00005ce8    00000004                   : BIOS.obj (.text:ti_sysbios_knl_Clock_setTimeout__E)
                  00005cec    00000004     --HOLE-- [fill = 0]
                  00005cf0    00000004                   : BIOS.obj (.text:ti_sysbios_knl_Task_startup__E)
                  00005cf4    00000004     --HOLE-- [fill = 0]
                  00005cf8    00000002                   : BIOS.obj (.text:ti_sysbios_BIOS_linkedWithIncorrectBootLibrary__E)
                  00005cfa    00000006     --HOLE-- [fill = 0]
                  00005d00    00000002                   : BIOS.obj (.text:ti_sysbios_gates_GateHwi_Instance_init__E)
                  00005d02    00000006     --HOLE-- [fill = 0]
                  00005d08    00000002                   : BIOS.obj (.text:ti_sysbios_knl_Clock_logTick__E)
                  00005d0a    00000006     --HOLE-- [fill = 0]
                  00005d10    00000002                   : BIOS.obj (.text:xdc_runtime_SysCallback_defaultAbort)
                  00005d12    00000006     --HOLE-- [fill = 0]
                  00005d18    00000002                   : BIOS.obj (.text:xdc_runtime_SysCallback_defaultExit)
                  00005d1a    00000006     --HOLE-- [fill = 0]
                  00005d20    00000002                   : BIOS.obj (.text:xdc_runtime_System_abortSpin__E)
                  00005d22    00000006     --HOLE-- [fill = 0]
                  00005d28    00000002                   : BIOS.obj (.text:xdc_runtime_System_exitSpin__E)

.const     0    00005d2c    00000662     
                  00005d2c    000000b0     MSP_EXP432P401R.obj (.const:uartMSP432Baudrates)
                  00005ddc    00000058     MSP_EXP432P401R.obj (.const:uartMSP432HWAttrs)
                  00005e34    0000003c     release_pem4f.oem4f (.const:ti_sysbios_knl_Task_Object__PARAMS__C)
                  00005e70    00000038     MSP_EXP432P401R.obj (.const:PowerMSP432_config)
                  00005ea8    00000034     release_pem4f.oem4f (.const:ti_sysbios_knl_Mailbox_Object__PARAMS__C)
                  00005edc    00000030     release_pem4f.oem4f (.const:ti_sysbios_family_arm_m3_Hwi_Object__PARAMS__C)
                  00005f0c    00000028     drivers_msp432p401x.aem4f : UARTMSP432.oem4f (.const:UARTMSP432_fxnTable)
                  00005f34    00000028     release_pem4f.oem4f (.const:ti_sysbios_heaps_HeapMem_Module__FXNS__C)
                  00005f5c    00000024     drivers_msp432p401x.aem4f : UART.oem4f (.const:UART_defaultParams)
                  00005f80    00000024     release_pem4f.oem4f (.const:ti_sysbios_gates_GateHwi_Module__FXNS__C)
                  00005fa4    00000024     release_pem4f.oem4f (.const:ti_sysbios_gates_GateMutex_Module__FXNS__C)
                  00005fc8    00000024     release_pem4f.oem4f (.const:ti_sysbios_heaps_HeapMem_Object__PARAMS__C)
                  00005fec    00000024     release_pem4f.oem4f (.const:ti_sysbios_knl_Clock_Object__PARAMS__C)
                  00006010    00000024     release_pem4f.oem4f (.const:ti_sysbios_knl_Semaphore_Object__PARAMS__C)
                  00006034    00000024     release_pem4f.oem4f (.const:xdc_runtime_Startup_sfxnTab__A)
                  00006058    00000020     drivers_msp432p401x.aem4f : UARTMSP432.oem4f (.const:staticFxnTable)
                  00006078    00000020     release_pem4f.oem4f (.const:ti_sysbios_family_arm_m3_Hwi_Object__DESC__C)
                  00006098    00000020     release_pem4f.oem4f (.const:ti_sysbios_gates_GateHwi_Object__DESC__C)
                  000060b8    00000020     release_pem4f.oem4f (.const:ti_sysbios_gates_GateMutex_Object__DESC__C)
                  000060d8    00000020     release_pem4f.oem4f (.const:ti_sysbios_heaps_HeapMem_Object__DESC__C)
                  000060f8    00000020     release_pem4f.oem4f (.const:ti_sysbios_knl_Clock_Object__DESC__C)
                  00006118    00000020     release_pem4f.oem4f (.const:ti_sysbios_knl_Mailbox_Object__DESC__C)
                  00006138    00000020     release_pem4f.oem4f (.const:ti_sysbios_knl_Queue_Object__DESC__C)
                  00006158    00000020     release_pem4f.oem4f (.const:ti_sysbios_knl_Semaphore_Object__DESC__C)
                  00006178    00000020     release_pem4f.oem4f (.const:ti_sysbios_knl_Task_Object__DESC__C)
                  00006198    00000018     MSP_EXP432P401R.obj (.const:UART_config)
                  000061b0    00000018     release_pem4f.oem4f (.const:ti_sysbios_gates_GateHwi_Object__PARAMS__C)
                  000061c8    00000018     release_pem4f.oem4f (.const:ti_sysbios_gates_GateMutex_Object__PARAMS__C)
                  000061e0    00000018     release_pem4f.oem4f (.const:ti_sysbios_knl_Queue_Object__PARAMS__C)
                  000061f8    00000018     release_pem4f.oem4f (.const:ti_sysbios_knl_Task_hooks__A)
                  00006210    00000015     uartThread.obj (.const:.string:$P$T0$1)
                  00006225    00000001     release_pem4f.oem4f (.const:xdc_runtime_Error_policy__C)
                  00006226    00000002     release_pem4f.oem4f (.const:ti_sysbios_family_arm_m3_Hwi_Module__id__C)
                  00006228    00000014     MSP_EXP432P401R.obj (.const:GPIOMSP432_config)
                  0000623c    00000012     release_pem4f.oem4f (.const:xdc_runtime_Startup_sfxnRts__A)
                  0000624e    0000000e     MSP_EXP432P401R.obj (.const)
                  0000625c    0000000c     release_pem4f.oem4f (.const:xdc_runtime_Startup_firstFxns__A)
                  00006268    00000008     release_pem4f.oem4f (.const)
                  00006270    00000008     release_pem4f.oem4f (.const:ti_sysbios_knl_Idle_funcList__A)
                  00006278    00000008     release_pem4f.oem4f (.const:ti_sysbios_knl_Idle_funcList__C)
                  00006280    00000008     release_pem4f.oem4f (.const:ti_sysbios_knl_Task_hooks__C)
                  00006288    00000008     release_pem4f.oem4f (.const:xdc_runtime_Startup_firstFxns__C)
                  00006290    00000008     release_pem4f.oem4f (.const:xdc_runtime_Startup_lastFxns__C)
                  00006298    00000006     drivers_msp432p401x.aem4f : GPIOMSP432.oem4f (.const:.string:interruptType)
                  0000629e    00000006                               : GPIOMSP432.oem4f (.const:.string:portInterruptIds)
                  000062a4    00000005                               : UARTMSP432.oem4f (.const:.string:parityTypes)
                  000062a9    00000001     --HOLE-- [fill = 0]
                  000062aa    00000004                               : UARTMSP432.oem4f (.const:stopBits)
                  000062ae    00000002     release_pem4f.oem4f (.const:ti_sysbios_family_arm_msp432_init_Boot_bypassHFXT__C)
                  000062b0    00000004     release_pem4f.oem4f (.const:ti_sysbios_family_arm_m3_Hwi_E_alreadyDefined__C)
                  000062b4    00000004     release_pem4f.oem4f (.const:ti_sysbios_family_arm_m3_Hwi_E_badIntNum__C)
                  000062b8    00000004     release_pem4f.oem4f (.const:ti_sysbios_family_arm_m3_Hwi_NUM_INTERRUPTS__C)
                  000062bc    00000004     release_pem4f.oem4f (.const:ti_sysbios_family_arm_m3_Hwi_Object__count__C)
                  000062c0    00000004     release_pem4f.oem4f (.const:ti_sysbios_family_arm_m3_Hwi_ccr__C)
                  000062c4    00000004     release_pem4f.oem4f (.const:ti_sysbios_family_arm_m3_Hwi_excHandlerFunc__C)
                  000062c8    00000004     release_pem4f.oem4f (.const:ti_sysbios_family_arm_m3_Hwi_nullIsrFunc__C)
                  000062cc    00000004     release_pem4f.oem4f (.const:ti_sysbios_family_arm_m3_Hwi_priGroup__C)
                  000062d0    00000004     release_pem4f.oem4f (.const:ti_sysbios_family_arm_m3_Hwi_swiDisable__C)
                  000062d4    00000004     release_pem4f.oem4f (.const:ti_sysbios_family_arm_m3_Hwi_swiRestore__C)
                  000062d8    00000004     release_pem4f.oem4f (.const:ti_sysbios_family_arm_m3_TaskSupport_stackAlignment__C)
                  000062dc    00000004     release_pem4f.oem4f (.const:ti_sysbios_family_arm_msp432_Timer_numTimerDevices__C)
                  000062e0    00000004     release_pem4f.oem4f (.const:ti_sysbios_family_arm_msp432_Timer_startupNeeded__C)
                  000062e4    00000004     release_pem4f.oem4f (.const:ti_sysbios_gates_GateMutex_Instance_State_sem__O)
                  000062e8    00000004     release_pem4f.oem4f (.const:ti_sysbios_heaps_HeapMem_E_memory__C)
                  000062ec    00000004     release_pem4f.oem4f (.const:ti_sysbios_heaps_HeapMem_Module__gateObj__C)
                  000062f0    00000004     release_pem4f.oem4f (.const:ti_sysbios_heaps_HeapMem_Object__count__C)
                  000062f4    00000004     release_pem4f.oem4f (.const:ti_sysbios_heaps_HeapMem_primaryHeapBaseAddr__C)
                  000062f8    00000004     release_pem4f.oem4f (.const:ti_sysbios_heaps_HeapMem_primaryHeapEndAddr__C)
                  000062fc    00000004     release_pem4f.oem4f (.const:ti_sysbios_heaps_HeapMem_reqAlign__C)
                  00006300    00000004     release_pem4f.oem4f (.const:ti_sysbios_knl_Clock_Module_State_clockQ__O)
                  00006304    00000004     release_pem4f.oem4f (.const:ti_sysbios_knl_Clock_tickPeriod__C)
                  00006308    00000004     release_pem4f.oem4f (.const:ti_sysbios_knl_Mailbox_Instance_State_dataQue__O)
                  0000630c    00000004     release_pem4f.oem4f (.const:ti_sysbios_knl_Mailbox_Instance_State_dataSem__O)
                  00006310    00000004     release_pem4f.oem4f (.const:ti_sysbios_knl_Mailbox_Instance_State_freeQue__O)
                  00006314    00000004     release_pem4f.oem4f (.const:ti_sysbios_knl_Mailbox_Instance_State_freeSem__O)
                  00006318    00000004     release_pem4f.oem4f (.const:ti_sysbios_knl_Mailbox_Object__count__C)
                  0000631c    00000004     release_pem4f.oem4f (.const:ti_sysbios_knl_Mailbox_maxTypeAlign__C)
                  00006320    00000004     release_pem4f.oem4f (.const:ti_sysbios_knl_Semaphore_Instance_State_pendQ__O)
                  00006324    00000004     release_pem4f.oem4f (.const:ti_sysbios_knl_Swi_Object__count__C)
                  00006328    00000004     release_pem4f.oem4f (.const:ti_sysbios_knl_Task_Module_State_inactiveQ__O)
                  0000632c    00000004     release_pem4f.oem4f (.const:ti_sysbios_knl_Task_Object__count__C)
                  00006330    00000004     release_pem4f.oem4f (.const:ti_sysbios_knl_Task_Object__heap__C)
                  00006334    00000004     release_pem4f.oem4f (.const:ti_sysbios_knl_Task_allBlockedFunc__C)
                  00006338    00000004     release_pem4f.oem4f (.const:ti_sysbios_knl_Task_defaultStackHeap__C)
                  0000633c    00000004     release_pem4f.oem4f (.const:ti_sysbios_knl_Task_defaultStackSize__C)
                  00006340    00000004     release_pem4f.oem4f (.const:ti_sysbios_knl_Task_numConstructedTasks__C)
                  00006344    00000004     release_pem4f.oem4f (.const:xdc_runtime_Error_E_memory__C)
                  00006348    00000004     release_pem4f.oem4f (.const:xdc_runtime_Error_policyFxn__C)
                  0000634c    00000004     release_pem4f.oem4f (.const:xdc_runtime_IGateProvider_Interface__BASE__C)
                  00006350    00000004     release_pem4f.oem4f (.const:xdc_runtime_IHeap_Interface__BASE__C)
                  00006354    00000004     release_pem4f.oem4f (.const:xdc_runtime_IModule_Interface__BASE__C)
                  00006358    00000004     release_pem4f.oem4f (.const:xdc_runtime_Memory_defaultHeapInstance__C)
                  0000635c    00000004     release_pem4f.oem4f (.const:xdc_runtime_Startup_execImpl__C)
                  00006360    00000004     release_pem4f.oem4f (.const:xdc_runtime_Startup_maxPasses__C)
                  00006364    00000004     release_pem4f.oem4f (.const:xdc_runtime_Startup_sfxnRts__C)
                  00006368    00000004     release_pem4f.oem4f (.const:xdc_runtime_Startup_sfxnTab__C)
                  0000636c    00000004     release_pem4f.oem4f (.const:xdc_runtime_SysCallback_abortFxn__C)
                  00006370    00000004     release_pem4f.oem4f (.const:xdc_runtime_SysCallback_exitFxn__C)
                  00006374    00000004     release_pem4f.oem4f (.const:xdc_runtime_System_Module__gateObj__C)
                  00006378    00000004     release_pem4f.oem4f (.const:xdc_runtime_System_abortFxn__C)
                  0000637c    00000004     release_pem4f.oem4f (.const:xdc_runtime_System_exitFxn__C)
                  00006380    00000004     release_pem4f.oem4f (.const:xdc_runtime_System_maxAtexitHandlers__C)
                  00006384    00000002     release_pem4f.oem4f (.const:ti_sysbios_family_arm_msp432_init_Boot_bypassLFXT__C)
                  00006386    00000002     release_pem4f.oem4f (.const:ti_sysbios_family_arm_msp432_init_Boot_enableHFXT__C)
                  00006388    00000002     release_pem4f.oem4f (.const:ti_sysbios_family_arm_msp432_init_Boot_enableLFXT__C)
                  0000638a    00000002     release_pem4f.oem4f (.const:ti_sysbios_heaps_HeapMem_Module__id__C)
                  0000638c    00000002     release_pem4f.oem4f (.const:xdc_runtime_Memory_Module__id__C)

.cinit     0    00006390    00000280     
                  00006390    00000255     (.cinit..data.load) [load image, compression = lzss]
                  000065e5    00000003     --HOLE-- [fill = 0]
                  000065e8    0000000c     (__TI_handler_table)
                  000065f4    00000004     --HOLE-- [fill = 0]
                  000065f8    00000008     (.cinit..bss.load) [load image, compression = zero_init]
                  00006600    00000010     (__TI_cinit_table)

.init_array 
*          0    00000000    00000000     UNINITIALIZED

.data      0    20008140    000006a1     UNINITIALIZED
                  20008140    00000140     drivers_msp432p401x.aem4f : PowerMSP432.oem4f (.data:PowerMSP432_perfLevels)
                  20008280    00000088     sysbios.aem4f : BIOS.obj (.data:$O1$$)
                  20008308    00000080     release_pem4f.oem4f (.data:ti_sysbios_knl_Swi_Module_State_0_readyQ__A)
                  20008388    00000080     release_pem4f.oem4f (.data:ti_sysbios_knl_Task_Module_State_0_readyQ__A)
                  20008408    00000054     release_pem4f.oem4f (.data:ti_sysbios_gates_GateMutex_Object__table__V)
                  2000845c    00000050     MSP_EXP432P401R.obj (.data:myPerfLevels)
                  200084ac    0000004c     release_pem4f.oem4f (.data:ti_sysbios_knl_Task_Object__table__V)
                  200084f8    00000044     release_pem4f.oem4f (.data:ti_sysbios_family_arm_msp432_Timer_Object__table__V)
                  2000853c    00000044     release_pem4f.oem4f (.data:ti_sysbios_knl_Task_Module__state__V)
                  20008580    00000034     MSP_EXP432P401R.obj (.data:gpioPinConfigs)
                  200085b4    00000034     release_pem4f.oem4f (.data:ti_sysbios_family_arm_m3_Hwi_Module__state__V)
                  200085e8    00000030     release_pem4f.oem4f (.data:ti_sysbios_knl_Swi_Object__table__V)
                  20008618    0000002c     drivers_msp432p401x.aem4f : PowerMSP432.oem4f (.data:PowerMSP432_module)
                  20008644    0000002c     release_pem4f.oem4f (.data:ti_sysbios_knl_Clock_Module__state__V)
                  20008670    00000024     release_pem4f.oem4f (.data:ti_sysbios_BIOS_Module__state__V)
                  20008694    00000020     release_pem4f.oem4f (.data:ti_sysbios_family_arm_msp432_Timer_Module_State_0_device__A)
                  200086b4    00000020     release_pem4f.oem4f (.data:xdc_runtime_Error_IgnoreBlock)
                  200086d4    0000001c     release_pem4f.oem4f (.data:ti_sysbios_knl_Swi_Module__state__V)
                  200086f0    00000018     release_pem4f.oem4f (.data:ti_sysbios_family_arm_m3_Hwi_Object__table__V)
                  20008708    00000018     release_pem4f.oem4f (.data:ti_sysbios_heaps_HeapMem_Object__table__V)
                  20008720    00000010     MSP_EXP432P401R.obj (.data:gpioCallbackFunctions)
                  20008730    00000010     release_pem4f.oem4f (.data:ti_sysbios_family_arm_msp432_Timer_Module_State_0_handles__A)
                  20008740    0000000c     release_pem4f.oem4f (.data:ti_sysbios_family_arm_msp432_ClockFreqs_Module__state__V)
                  2000874c    0000000c     release_pem4f.oem4f (.data:ti_sysbios_family_arm_msp432_Timer_Module__state__V)
                  20008758    00000008     rtsv7M4_T_le_v4SPD16_eabi.lib : _lock.c.obj (.data:$O1$$)
                  20008760    00000008     release_pem4f.oem4f (.data:ti_sysbios_family_arm_m3_Hwi_Module__root__V)
                  20008768    00000008     release_pem4f.oem4f (.data:ti_sysbios_gates_GateHwi_Module__root__V)
                  20008770    00000008     release_pem4f.oem4f (.data:ti_sysbios_gates_GateMutex_Module__root__V)
                  20008778    00000008     release_pem4f.oem4f (.data:ti_sysbios_heaps_HeapMem_Module__root__V)
                  20008780    00000008     release_pem4f.oem4f (.data:ti_sysbios_knl_Clock_Module__root__V)
                  20008788    00000008     release_pem4f.oem4f (.data:ti_sysbios_knl_Mailbox_Module__root__V)
                  20008790    00000008     release_pem4f.oem4f (.data:ti_sysbios_knl_Queue_Module__root__V)
                  20008798    00000008     release_pem4f.oem4f (.data:ti_sysbios_knl_Semaphore_Module__root__V)
                  200087a0    00000008     release_pem4f.oem4f (.data:ti_sysbios_knl_Task_Module__root__V)
                  200087a8    00000008     release_pem4f.oem4f (.data:xdc_runtime_Startup_Module__state__V)
                  200087b0    00000008     release_pem4f.oem4f (.data:xdc_runtime_System_Module_State_0_atexitHandlers__A)
                  200087b8    00000008     release_pem4f.oem4f (.data:xdc_runtime_System_Module__state__V)
                  200087c0    00000004     rtsv7M4_T_le_v4SPD16_eabi.lib : stkdepth_vars.c.obj (.data)
                  200087c4    00000004     release_pem4f.oem4f (.data:ti_sysbios_family_arm_m3_Hwi_Module_State_0_excContext__A)
                  200087c8    00000004     release_pem4f.oem4f (.data:ti_sysbios_family_arm_m3_Hwi_Module_State_0_excStack__A)
                  200087cc    00000004     release_pem4f.oem4f (.data:ti_sysbios_gates_GateHwi_Object__table__V)
                  200087d0    00000004     release_pem4f.oem4f (.data:ti_sysbios_knl_Task_Module_State_0_idleTask__A)
                  200087d4    00000004     release_pem4f.oem4f (.data:ti_sysbios_rts_ti_ReentSupport_Module__state__V)
                  200087d8    00000004     release_pem4f.oem4f (.data:xdc_runtime_Memory_Module__state__V)
                  200087dc    00000002     drivers_msp432p401x.aem4f : GPIOMSP432.oem4f (.data)
                  200087de    00000002     release_pem4f.oem4f (.data:ti_sysbios_family_arm_m3_Hwi_Module_State_0_excActive__A)
                  200087e0    00000001     drivers_msp432p401x.aem4f : UART.oem4f (.data)

.bss       0    200087e8    000004c8     UNINITIALIZED
                  200087e8    00000200     release_pem4f.oem4f (.bss:taskStackSection)
                  200089e8    00000140     (.common:ti_sysbios_family_arm_m3_Hwi_dispatchTable)
                  20008b28    00000100     (.common:uartMSP432Objects)
                  20008c28    00000040     (.common:uartMSP432RingBuffer)
                  20008c68    00000030     drivers_msp432p401x.aem4f : GPIOMSP432.oem4f (.bss:gpioCallbackInfo)
                  20008c98    00000008     msp432p4xx_driverlib.lib : cs.o (.bss)
                  20008ca0    00000004     drivers_msp432p401x.aem4f : GPIOMSP432.oem4f (.bss)
                  20008ca4    00000004     (.common:ClockP_tickPeriod)
                  20008ca8    00000004     (.common:mqdes)
                  20008cac    00000004     (.common:ti_sysbios_knl_Task_Instance_State_0_hookEnv__A)

.priheap   0    20000140    00008000     UNINITIALIZED
                  20000140    00008000     --HOLE--

.stack     0    2000fc00    00000400     UNINITIALIZED
                  2000fc00    00000400     --HOLE--

.bootVecs 
*          0    00000000    00000008     DSECT
                  00000000    00000008     boot.aem4f : boot.oem4f (.bootVecs)

.resetVecs 
*          0    00000000    0000003c     
                  00000000    0000003c     release_pem4f.oem4f (.resetVecs)

.vecs      0    20000000    00000140     NOLOAD SECTION
                  20000000    00000140     release_pem4f.oem4f (.vecs)

xdc.meta   0    00000000    00000104     COPY SECTION
                  00000000    00000104     release_pem4f.oem4f (xdc.meta)

xdc.noload 
*          0    00000000    00000000     COPY SECTION

__llvm_prf_cnts 
*          0    20000000    00000000     UNINITIALIZED

.binit     0    00000000    00000000     

MODULE SUMMARY

       Module                       code    ro data   rw data
       ------                       ----    -------   -------
    .\
       MSP_EXP432P401R.obj          16      378       936    
       uartThread.obj               248     21        0      
       main_tirtos.obj              172     0         8      
       onOffThread.obj              148     0         0      
    +--+----------------------------+-------+---------+---------+
       Total:                       584     399       944    
                                                             
    C:\Users\dougb\Desktop\ECE204\Labs\tirtos_builds_MSP_EXP432P401R_release_ccs\Debug\configPkg\package\cfg\
       release_pem4f.oem4f          1650    1165      4380   
    +--+----------------------------+-------+---------+---------+
       Total:                       1650    1165      4380   
                                                             
    C:/ti/simplelink_msp432p4_sdk_3_40_01_02/kernel/tirtos/packages/ti/dpl/lib/dpl_msp432p401x.aem4f
       SemaphoreP_tirtos.oem4f      146     0         0      
       ClockP_tirtos.oem4f          114     0         8      
       PowerMSP432_tirtos.oem4f     122     0         0      
       HwiP_tirtos.oem4f            96      0         0      
    +--+----------------------------+-------+---------+---------+
       Total:                       478     0         8      
                                                             
    C:/ti/simplelink_msp432p4_sdk_3_40_01_02/source/ti/devices/msp432p4xx/driverlib/ccs/msp432p4xx_driverlib.lib
       pcm.o                        1770    0         0      
       cs.o                         704     0         16     
       uart.o                       284     0         0      
       sysctl_a.o                   64      0         0      
       rtc_c.o                      44      0         0      
       wdt_a.o                      36      0         0      
       cpu.o                        28      0         0      
       sysctl.o                     16      0         0      
    +--+----------------------------+-------+---------+---------+
       Total:                       2946    0         16     
                                                             
    C:/ti/simplelink_msp432p4_sdk_3_40_01_02/source/ti/drivers/lib/drivers_msp432p401x.aem4f
       UARTMSP432.oem4f             3406    81        0      
       PowerMSP432.oem4f            2196    0         728    
       GPIOMSP432.oem4f             828     12        108    
       UART.oem4f                   176     36        2      
       RingBuf.oem4f                184     0         0      
       List.oem4f                   76      0         0      
    +--+----------------------------+-------+---------+---------+
       Total:                       6866    129       838    
                                                             
    C:\Users\dougb\Desktop\ECE204\Labs\tirtos_builds_MSP_EXP432P401R_release_ccs\src\sysbios\sysbios.aem4f
       BIOS.obj                     9522    0         272    
       m3_Hwi_asm.obj               318     0         0      
       m3_TaskSupport_asm.obj       180     0         0      
       m3_Hwi_asm_switch.obj        118     0         0      
    +--+----------------------------+-------+---------+---------+
       Total:                       10138   0         272    
                                                             
    C:\ti\ccs1010\ccs\tools\compiler\ti-cgt-arm_20.2.1.LTS\lib\rtsv7M4_T_le_v4SPD16_eabi.lib
       memcpy_t2.asm.obj            156     0         0      
       memset_t2.asm.obj            122     0         0      
       copy_decompress_lzss.c.obj   104     0         0      
       cpy_tbl.c.obj                76      0         0      
       _lock.c.obj                  26      0         16     
       args_main.c.obj              24      0         0      
       strcmp.c.obj                 24      0         0      
       strcpy.c.obj                 20      0         0      
       strlen.c.obj                 20      0         0      
       copy_decompress_none.c.obj   14      0         0      
       copy_zero_init.c.obj         12      0         0      
       stkdepth_vars.c.obj          0       0         8      
    +--+----------------------------+-------+---------+---------+
       Total:                       598     0         24     
                                                             
    C:\ti\simplelink_msp432p4_sdk_3_40_01_02\kernel\tirtos\packages\ti\targets\arm\rtsarm\lib\auto_init.aem4f
       auto_init.oem4f              160     0         0      
    +--+----------------------------+-------+---------+---------+
       Total:                       160     0         0      
                                                             
    C:\ti\simplelink_msp432p4_sdk_3_40_01_02\kernel\tirtos\packages\ti\targets\arm\rtsarm\lib\boot.aem4f
       boot.oem4f                   88      0         0      
    +--+----------------------------+-------+---------+---------+
       Total:                       88      0         0      
                                                             
       Stack:                       0       0         2048   
       Linker Generated:            0       633       0      
    +--+----------------------------+-------+---------+---------+
       Grand Total:                 23508   2326      8530   


LINKER GENERATED COPY TABLES

__TI_cinit_table @ 00006600 records: 2, size/record: 8, table size: 16
	.data: load addr=00006390, load size=00000255 bytes, run addr=20008140, run size=000006a1 bytes, compression=lzss
	.bss: load addr=000065f8, load size=00000008 bytes, run addr=200087e8, run size=000004c8 bytes, compression=zero_init


LINKER GENERATED HANDLER TABLE

__TI_handler_table @ 000065e8 records: 3, size/record: 4, table size: 12
	index: 0, handler: __TI_decompress_lzss
	index: 1, handler: __TI_decompress_none
	index: 2, handler: __TI_zero_init


GLOBAL SYMBOLS: SORTED ALPHABETICALLY BY Name 

address   name                                                            
-------   ----                                                            
0000624f  ADCBuf_count                                                    
0000624e  ADC_count                                                       
00005c47  Board_init                                                      
00005ad7  CPU_cpsid                                                       
00005ae3  CPU_cpsie                                                       
00000b1d  CPU_wfi                                                         
000053b5  CS_setExternalClockSourceFrequency                              
000019e1  CS_startHFXTWithTimeout                                         
00001bad  CS_startLFXTWithTimeout                                         
00006250  Capture_count                                                   
00005c15  ClockP_Params_init                                              
00003f99  ClockP_create                                                   
00005aef  ClockP_delete                                                   
00000f9d  ClockP_setTimeout                                               
000012f5  ClockP_start                                                    
0000160d  ClockP_stop                                                     
20008ca4  ClockP_tickPeriod                                               
00006251  Display_count                                                   
00006228  GPIOMSP432_config                                               
0000377d  GPIO_hwiIntFxn                                                  
00002451  GPIO_init                                                       
000039ed  GPIO_setCallback                                                
00000cd1  GPIO_setConfig                                                  
00003ce9  GPIO_write                                                      
00008000  HEAPSIZE                                                        
00005915  HwiP_Params_init                                                
00004625  HwiP_create                                                     
00005afb  HwiP_delete                                                     
00001ac5  HwiP_disable                                                    
00005c99  HwiP_restore                                                    
00006253  I2CSlave_count                                                  
00006252  I2C_count                                                       
00005161  List_put                                                        
00005187  List_remove                                                     
00005c4f  MSP_EXP432P401R_initGeneral                                     
00006254  NVS_count                                                       
00003b11  PCM_getCoreVoltageLevel                                         
00003c8d  PCM_getPowerMode                                                
000057d1  PCM_getPowerState                                               
00005021  PCM_gotoLPM0                                                    
00003231  PCM_gotoLPM3                                                    
00005925  PCM_gotoLPM4                                                    
00005935  PCM_setPowerMode                                                
00005945  PCM_setPowerState                                               
00003e49  PCM_shutdownDevice                                              
00006255  PWM_count                                                       
00005e70  PowerMSP432_config                                              
000037e5  PowerMSP432_getFreqs                                            
00005955  PowerMSP432_getNumPerfLevels                                    
00000893  PowerMSP432_initPolicy                                          
20008618  PowerMSP432_module                                              
20008140  PowerMSP432_perfLevels                                          
000040d9  PowerMSP432_sleepPolicy                                         
00004e5f  PowerMSP432_updateFreqs                                         
00005b09  Power_getConstraintMask                                         
00005b15  Power_getPerformanceLevel                                       
000057e5  Power_idleFunc                                                  
00002a35  Power_init                                                      
00005049  Power_registerNotify                                            
0000439d  Power_releaseConstraint                                         
000049dd  Power_setConstraint                                             
00000041  Power_sleep                                                     
000053d5  Power_unregisterNotify                                          
00004e8d  RTC_C_holdClock                                                 
0000589d  RingBuf_construct                                               
00004665  RingBuf_get                                                     
000053f5  RingBuf_peek                                                    
00004509  RingBuf_put                                                     
00006256  SDFatFS_count                                                   
00006257  SD_count                                                        
UNDEFED   SHT$$INIT_ARRAY$$Base                                           
UNDEFED   SHT$$INIT_ARRAY$$Limit                                          
00006258  SPI_count                                                       
00005c57  SemaphoreP_Params_init                                          
000048a9  SemaphoreP_create                                               
00004eb9  SemaphoreP_createBinary                                         
00005b21  SemaphoreP_delete                                               
000058af  SemaphoreP_pend                                                 
00001e45  SemaphoreP_post                                                 
00005665  SysCtl_A_disableNMISource                                       
0000567d  SysCtl_A_enableNMISource                                        
00005965  SysCtl_A_getNMISourceStatus                                     
00005975  SysCtl_getNMISourceStatus                                       
00006259  Timer_count                                                     
00002dc5  UARTMSP432_close                                                
000022e9  UARTMSP432_control                                              
00005f0c  UARTMSP432_fxnTable                                             
00001ff1  UARTMSP432_hwiIntFxn                                            
000020bb  UARTMSP432_init                                                 
00000339  UARTMSP432_open                                                 
000046a5  UARTMSP432_read                                                 
00004a89  UARTMSP432_readCancel                                           
00001c8d  UARTMSP432_readPolling                                          
00002653  UARTMSP432_write                                                
000035bd  UARTMSP432_writeCancel                                          
0000239d  UARTMSP432_writePolling                                         
00005695  UART_Params_init                                                
00006198  UART_config                                                     
0000625a  UART_count                                                      
00005f5c  UART_defaultParams                                              
00004551  UART_init                                                       
000010d1  UART_initModule                                                 
000046e5  UART_open                                                       
00005c1f  UART_read                                                       
00005c29  UART_write                                                      
4000480c  WDTCTL_SYM                                                      
000051d5  WDT_A_holdTimer                                                 
0000625b  Watchdog_count                                                  
00000000  __ASM__                                                         
00000085  __ISA__                                                         
00000098  __PLAT__                                                        
20010000  __STACK_END                                                     
00000400  __STACK_SIZE                                                    
000000bb  __TARG__                                                        
00006600  __TI_CINIT_Base                                                 
00006610  __TI_CINIT_Limit                                                
000065e8  __TI_Handler_Table_Base                                         
000065f4  __TI_Handler_Table_Limit                                        
000028f5  __TI_auto_init                                                  
0000384d  __TI_decompress_lzss                                            
00005a99  __TI_decompress_none                                            
ffffffff  __TI_pprof_out_hndl                                             
ffffffff  __TI_prof_data_size                                             
ffffffff  __TI_prof_data_start                                            
00006390  __TI_static_base__                                              
00005b45  __TI_zero_init                                                  
000000e1  __TRDR__                                                        
00005cd1  __aeabi_errno_addr                                              
000034c9  __aeabi_memclr                                                  
000034c9  __aeabi_memclr4                                                 
000034c9  __aeabi_memclr8                                                 
[...]
00005a49  ti_sysbios_knl_Task_disable__E                                  
00005a59  xdc_runtime_Gate_leaveSystem__E                                 
00005a69  xdc_runtime_Memory_free__E                                      
00005a79  xdc_runtime_SysCallback_abort__E                                
00005a79  xdc_runtime_System_SupportProxy_abort__E                        
00005a89  xdc_runtime_SysCallback_exit__E                                 
00005a89  xdc_runtime_System_SupportProxy_exit__E                         
00005a99  __TI_decompress_none                                            
00005aa9  pthread_attr_setdetachstate                                     
00005ab9  ti_sysbios_knl_Idle_loop__E                                     
00005ac9  ti_sysbios_knl_Queue_empty__E                                   
00005ad7  CPU_cpsid                                                       
00005ae3  CPU_cpsie                                                       
00005aef  ClockP_delete                                                   
00005afb  HwiP_delete                                                     
00005b09  Power_getConstraintMask                                         
00005b15  Power_getPerformanceLevel                                       
00005b21  SemaphoreP_delete                                               
00005b2d  _register_lock                                                  
00005b39  _register_unlock                                                
00005b45  __TI_zero_init                                                  
00005b51  pthread_self                                                    
00005b5d  ti_sysbios_family_arm_m3_Hwi_Params__init__S                    
00005b5d  ti_sysbios_hal_Hwi_HwiProxy_Params__init__S                     
00005b69  ti_sysbios_family_arm_m3_Hwi_disableFxn__E                      
00005b69  ti_sysbios_hal_Hwi_HwiProxy_disable__E                          
00005b79  ti_sysbios_family_arm_m3_TaskSupport_getStackAlignment__E       
00005b79  ti_sysbios_knl_Task_SupportProxy_getStackAlignment__E           
00005b89  ti_sysbios_family_arm_msp432_Timer_getMaxTicks__E               
00005b99  ti_sysbios_gates_GateHwi_enter__E                               
00005ba5  ti_sysbios_knl_Clock_Params__init__S                            
00005bb1  ti_sysbios_knl_Queue_Object__get__S                             
00005bbd  ti_sysbios_knl_Semaphore_Params__init__S                        
00005bc9  ti_sysbios_knl_Task_Params__init__S                             
00005bd9  ti_sysbios_knl_Task_self__E                                     
00005be9  ti_sysbios_rts_ti_ReentSupport_taskRegHook__I                   
00005bf9  xdc_runtime_Gate_enterSystem__E                                 
00005c09  xdc_runtime_Startup_rtsDone__E                                  
00005c15  ClockP_Params_init                                              
00005c1f  UART_read                                                       
00005c29  UART_write                                                      
00005c33  xdc_runtime_Memory_HeapProxy_alloc__E                           
00005c3d  xdc_runtime_Memory_HeapProxy_free__E                            
00005c47  Board_init                                                      
00005c4f  MSP_EXP432P401R_initGeneral                                     
00005c57  SemaphoreP_Params_init                                          
00005c61  pthread_attr_setstacksize                                       
00005c71  ti_sysbios_family_arm_m3_Hwi_doSwiRestore__I                    
00005c79  ti_sysbios_family_arm_m3_Hwi_startup__E                         
00005c79  ti_sysbios_hal_Hwi_HwiProxy_startup__E                          
00005c79  ti_sysbios_hal_Hwi_startup__E                                   
00005c91  ti_sysbios_family_arm_m3_Hwi_doTaskRestore__I                   
00005c99  HwiP_restore                                                    
00005c99  ti_sysbios_family_arm_m3_Hwi_restoreFxn__E                      
00005c99  ti_sysbios_hal_Hwi_HwiProxy_restore__E                          
00005ca1  ti_sysbios_gates_GateHwi_leave__E                               
00005ca9  ti_sysbios_heaps_HeapMem_isBlocking__E                          
00005cb1  ti_sysbios_knl_Clock_stop__E                                    
00005cb9  ti_sysbios_knl_Queue_Instance_init__E                           
00005cc1  ti_sysbios_knl_Swi_startup__E                                   
00005cc9  xdc_runtime_System_Module_startup__E                            
00005cd1  __aeabi_errno_addr                                              
00005cd9  ti_sysbios_gates_GateHwi_query__E                               
00005cd9  xdc_runtime_Main_Module_GateProxy_query__E                      
00005cd9  xdc_runtime_System_Module_GateProxy_query__E                    
00005ce1  ti_sysbios_BIOS_RtsGateProxy_query__E                           
00005ce1  ti_sysbios_gates_GateMutex_query__E                             
00005ce1  ti_sysbios_heaps_HeapMem_Module_GateProxy_query__E              
00005ce9  ti_sysbios_knl_Clock_setTimeout__E                              
00005cf1  ti_sysbios_knl_Task_startup__E                                  
00005cf9  ti_sysbios_BIOS_linkedWithIncorrectBootLibrary__E               
00005d01  ti_sysbios_gates_GateHwi_Instance_init__E                       
00005d09  ti_sysbios_knl_Clock_logTick__E                                 
00005d11  xdc_runtime_SysCallback_defaultAbort                            
00005d19  xdc_runtime_SysCallback_defaultExit                             
00005d21  xdc_runtime_System_abortSpin__E                                 
00005d29  xdc_runtime_System_exitSpin__E                                  
00005d2c  uartMSP432Baudrates                                             
00005ddc  uartMSP432HWAttrs                                               
00005e34  ti_sysbios_knl_Task_Object__PARAMS__C                           
00005e70  PowerMSP432_config                                              
00005ea8  ti_sysbios_knl_Mailbox_Object__PARAMS__C                        
00005edc  ti_sysbios_family_arm_m3_Hwi_Object__PARAMS__C                  
00005f0c  UARTMSP432_fxnTable                                             
00005f34  ti_sysbios_heaps_HeapMem_Module__FXNS__C                        
00005f5c  UART_defaultParams                                              
00005f80  ti_sysbios_gates_GateHwi_Module__FXNS__C                        
00005fa4  ti_sysbios_gates_GateMutex_Module__FXNS__C                      
00005fc8  ti_sysbios_heaps_HeapMem_Object__PARAMS__C                      
00005fec  ti_sysbios_knl_Clock_Object__PARAMS__C                          
00006010  ti_sysbios_knl_Semaphore_Object__PARAMS__C                      
00006034  xdc_runtime_Startup_sfxnTab__A                                  
00006078  ti_sysbios_family_arm_m3_Hwi_Object__DESC__C                    
00006098  ti_sysbios_gates_GateHwi_Object__DESC__C                        
000060b8  ti_sysbios_gates_GateMutex_Object__DESC__C                      
000060d8  ti_sysbios_heaps_HeapMem_Object__DESC__C                        
000060f8  ti_sysbios_knl_Clock_Object__DESC__C                            
00006118  ti_sysbios_knl_Mailbox_Object__DESC__C                          
00006138  ti_sysbios_knl_Queue_Object__DESC__C                            
00006158  ti_sysbios_knl_Semaphore_Object__DESC__C                        
00006178  ti_sysbios_knl_Task_Object__DESC__C                             
00006198  UART_config                                                     
000061b0  ti_sysbios_gates_GateHwi_Object__PARAMS__C                      
000061c8  ti_sysbios_gates_GateMutex_Object__PARAMS__C                    
000061e0  ti_sysbios_knl_Queue_Object__PARAMS__C                          
000061f8  ti_sysbios_knl_Task_hooks__A                                    
00006225  xdc_runtime_Error_policy__C                                     
00006226  ti_sysbios_family_arm_m3_Hwi_Module__id__C                      
00006228  GPIOMSP432_config                                               
0000623c  xdc_runtime_Startup_sfxnRts__A                                  
0000624e  ADC_count                                                       
0000624f  ADCBuf_count                                                    
00006250  Capture_count                                                   
00006251  Display_count                                                   
00006252  I2C_count                                                       
00006253  I2CSlave_count                                                  
00006254  NVS_count                                                       
00006255  PWM_count                                                       
00006256  SDFatFS_count                                                   
00006257  SD_count                                                        
00006258  SPI_count                                                       
00006259  Timer_count                                                     
0000625a  UART_count                                                      
0000625b  Watchdog_count                                                  
0000625c  xdc_runtime_Startup_firstFxns__A                                
00006268  heap0                                                           
0000626c  tiposix_mqGate                                                  
00006270  ti_sysbios_knl_Idle_funcList__A                                 
00006278  ti_sysbios_knl_Idle_funcList__C                                 
00006280  ti_sysbios_knl_Task_hooks__C                                    
00006288  xdc_runtime_Startup_firstFxns__C                                
00006290  xdc_runtime_Startup_lastFxns__C                                 
000062ae  ti_sysbios_family_arm_msp432_init_Boot_bypassHFXT__C            
000062b0  ti_sysbios_family_arm_m3_Hwi_E_alreadyDefined__C                
000062b4  ti_sysbios_family_arm_m3_Hwi_E_badIntNum__C                     
000062b8  ti_sysbios_family_arm_m3_Hwi_NUM_INTERRUPTS__C                  
000062bc  ti_sysbios_family_arm_m3_Hwi_Object__count__C                   
000062c0  ti_sysbios_family_arm_m3_Hwi_ccr__C                             
000062c4  ti_sysbios_family_arm_m3_Hwi_excHandlerFunc__C                  
000062c8  ti_sysbios_family_arm_m3_Hwi_nullIsrFunc__C                     
000062cc  ti_sysbios_family_arm_m3_Hwi_priGroup__C                        
000062d0  ti_sysbios_family_arm_m3_Hwi_swiDisable__C                      
000062d4  ti_sysbios_family_arm_m3_Hwi_swiRestore__C                      
000062d8  ti_sysbios_family_arm_m3_TaskSupport_stackAlignment__C          
000062dc  ti_sysbios_family_arm_msp432_Timer_numTimerDevices__C           
000062e0  ti_sysbios_family_arm_msp432_Timer_startupNeeded__C             
000062e4  ti_sysbios_gates_GateMutex_Instance_State_sem__O                
000062e8  ti_sysbios_heaps_HeapMem_E_memory__C                            
000062ec  ti_sysbios_heaps_HeapMem_Module__gateObj__C                     
000062f0  ti_sysbios_heaps_HeapMem_Object__count__C                       
000062f4  ti_sysbios_heaps_HeapMem_primaryHeapBaseAddr__C                 
000062f8  ti_sysbios_heaps_HeapMem_primaryHeapEndAddr__C                  
000062fc  ti_sysbios_heaps_HeapMem_reqAlign__C                            
00006300  ti_sysbios_knl_Clock_Module_State_clockQ__O                     
00006304  ti_sysbios_knl_Clock_tickPeriod__C                              
00006308  ti_sysbios_knl_Mailbox_Instance_State_dataQue__O                
0000630c  ti_sysbios_knl_Mailbox_Instance_State_dataSem__O                
00006310  ti_sysbios_knl_Mailbox_Instance_State_freeQue__O                
00006314  ti_sysbios_knl_Mailbox_Instance_State_freeSem__O                
00006318  ti_sysbios_knl_Mailbox_Object__count__C                         
0000631c  ti_sysbios_knl_Mailbox_maxTypeAlign__C                          
00006320  ti_sysbios_knl_Semaphore_Instance_State_pendQ__O                
00006324  ti_sysbios_knl_Swi_Object__count__C                             
00006328  ti_sysbios_knl_Task_Module_State_inactiveQ__O                   
0000632c  ti_sysbios_knl_Task_Object__count__C                            
00006330  ti_sysbios_knl_Task_Object__heap__C                             
00006334  ti_sysbios_knl_Task_allBlockedFunc__C                           
00006338  ti_sysbios_knl_Task_defaultStackHeap__C                         
0000633c  ti_sysbios_knl_Task_defaultStackSize__C                         
00006340  ti_sysbios_knl_Task_numConstructedTasks__C                      
00006344  xdc_runtime_Error_E_memory__C                                   
00006348  xdc_runtime_Error_policyFxn__C                                  
0000634c  xdc_runtime_IGateProvider_Interface__BASE__C                    
00006350  xdc_runtime_IHeap_Interface__BASE__C                            
00006354  xdc_runtime_IModule_Interface__BASE__C                          
00006358  xdc_runtime_Memory_defaultHeapInstance__C                       
0000635c  xdc_runtime_Startup_execImpl__C                                 
00006360  xdc_runtime_Startup_maxPasses__C                                
00006364  xdc_runtime_Startup_sfxnRts__C                                  
00006368  xdc_runtime_Startup_sfxnTab__C                                  
0000636c  xdc_runtime_SysCallback_abortFxn__C                             
00006370  xdc_runtime_SysCallback_exitFxn__C                              
00006374  xdc_runtime_System_Module__gateObj__C                           
00006378  xdc_runtime_System_abortFxn__C                                  
0000637c  xdc_runtime_System_exitFxn__C                                   
00006380  xdc_runtime_System_maxAtexitHandlers__C                         
00006384  ti_sysbios_family_arm_msp432_init_Boot_bypassLFXT__C            
00006386  ti_sysbios_family_arm_msp432_init_Boot_enableHFXT__C            
00006388  ti_sysbios_family_arm_msp432_init_Boot_enableLFXT__C            
0000638a  ti_sysbios_heaps_HeapMem_Module__id__C                          
0000638c  xdc_runtime_Memory_Module__id__C                                
00006390  __TI_static_base__                                              
000065e8  __TI_Handler_Table_Base                                         
000065f4  __TI_Handler_Table_Limit                                        
00006600  __TI_CINIT_Base                                                 
00006610  __TI_CINIT_Limit                                                
00008000  HEAPSIZE                                                        
20000000  __start___llvm_prf_cnts                                         
20000000  __stop___llvm_prf_cnts                                          
20000000  ti_sysbios_family_arm_m3_Hwi_ramVectors                         
20000140  __primary_heap_start__                                          
20008140  PowerMSP432_perfLevels                                          
20008140  __primary_heap_end__                                            
20008308  ti_sysbios_knl_Swi_Module_State_0_readyQ__A                     
20008388  ti_sysbios_knl_Task_Module_State_0_readyQ__A                    
20008408  ti_sysbios_gates_GateMutex_Object__table__V                     
2000845c  myPerfLevels                                                    
200084ac  ti_sysbios_knl_Task_Object__table__V                            
200084f8  ti_sysbios_family_arm_msp432_Timer_Object__table__V             
2000853c  ti_sysbios_knl_Task_Module__state__V                            
20008580  gpioPinConfigs                                                  
200085b4  ti_sysbios_family_arm_m3_Hwi_Module__state__V                   
200085e8  ti_sysbios_knl_Swi_Object__table__V                             
20008618  PowerMSP432_module                                              
20008644  ti_sysbios_knl_Clock_Module__state__V                           
20008670  ti_sysbios_BIOS_Module__state__V                                
20008694  ti_sysbios_family_arm_msp432_Timer_Module_State_0_device__A     
200086b4  xdc_runtime_Error_IgnoreBlock                                   
200086d4  ti_sysbios_knl_Swi_Module__state__V                             
200086f0  ti_sysbios_family_arm_m3_Hwi_Object__table__V                   
20008708  ti_sysbios_heaps_HeapMem_Object__table__V                       
20008720  gpioCallbackFunctions                                           
20008730  ti_sysbios_family_arm_msp432_Timer_Module_State_0_handles__A    
20008740  ti_sysbios_family_arm_msp432_ClockFreqs_Module__state__V        
2000874c  ti_sysbios_family_arm_msp432_Timer_Module__state__V             
20008758  _lock                                                           
2000875c  _unlock                                                         
20008760  ti_sysbios_family_arm_m3_Hwi_Module__root__V                    
20008768  ti_sysbios_gates_GateHwi_Module__root__V                        
20008770  ti_sysbios_gates_GateMutex_Module__root__V                      
20008778  ti_sysbios_heaps_HeapMem_Module__root__V                        
20008780  ti_sysbios_knl_Clock_Module__root__V                            
20008788  ti_sysbios_knl_Mailbox_Module__root__V                          
20008790  ti_sysbios_knl_Queue_Module__root__V                            
20008798  ti_sysbios_knl_Semaphore_Module__root__V                        
200087a0  ti_sysbios_knl_Task_Module__root__V                             
200087a8  xdc_runtime_Startup_Module__state__V                            
200087b0  xdc_runtime_System_Module_State_0_atexitHandlers__A             
200087b8  xdc_runtime_System_Module__state__V                             
200087c0  main_func_sp                                                    
200087c4  ti_sysbios_family_arm_m3_Hwi_Module_State_0_excContext__A       
200087c8  ti_sysbios_family_arm_m3_Hwi_Module_State_0_excStack__A         
200087cc  ti_sysbios_gates_GateHwi_Object__table__V                       
200087d0  ti_sysbios_knl_Task_Module_State_0_idleTask__A                  
200087d4  ti_sysbios_rts_ti_ReentSupport_Module__state__V                 
200087d8  xdc_runtime_Memory_Module__state__V                             
200087de  ti_sysbios_family_arm_m3_Hwi_Module_State_0_excActive__A        
200087e8  ti_sysbios_knl_Task_Instance_State_0_stack__A                   
200089e8  ti_sysbios_family_arm_m3_Hwi_dispatchTable                      
20008b28  uartMSP432Objects                                               
20008c28  uartMSP432RingBuffer                                            
20008ca4  ClockP_tickPeriod                                               
20008ca8  mqdes                                                           
20008cac  ti_sysbios_knl_Task_Instance_State_0_hookEnv__A                 
2000fc00  __stack                                                         
20010000  __STACK_END                                                     
4000480c  WDTCTL_SYM                                                      
e000e000  ti_sysbios_family_arm_m3_Hwi_nvic                               
ffffffff  __TI_pprof_out_hndl                                             
ffffffff  __TI_prof_data_size                                             
ffffffff  __TI_prof_data_start                                            
ffffffff  __binit__                                                       
ffffffff  __c_args__                                                      
ffffffff  binit                                                           
UNDEFED   SHT$$INIT_ARRAY$$Base                                           
UNDEFED   SHT$$INIT_ARRAY$$Limit                                          

[561 symbols]
